
> src@ build E:\Work\Ultra-TMS
> turbo run build

pnpm : ΓÇó turbo 2.7.2
At line:1 char:1
+ pnpm build 2>&1 | Tee-Object -FilePath "build-output.txt"
+ ~~~~~~~~~~~~~~~
    + CategoryInfo          : NotSpecified: (ΓÇó turbo 2.7.2:S 
   tring) [], RemoteException
    + FullyQualifiedErrorId : NativeCommandError
 
ΓÇó Packages in scope: @repo/eslint-config, @repo/typescript-config, @repo/ui, api, docs, web
ΓÇó Running build in 6 packages
ΓÇó Remote caching disabled
api:build: cache miss, executing 3bf64f04f197eedd
web:build: cache miss, executing 56ca1c7894817780
docs:build: cache miss, executing a8c8bd1185bd2120
web:build: 
web:build: > web@0.1.0 build E:\Work\Ultra-TMS\apps\web
web:build: > next build
web:build: 
api:build: 
api:build: > api@0.1.0 build E:\Work\Ultra-TMS\apps\api
api:build: > nest build
api:build: 
docs:build: 
docs:build: > docs@0.1.0 build E:\Work\Ultra-TMS\apps\docs
docs:build: > next build
docs:build: 
docs:build: Γû▓ Next.js 16.1.0 (Turbopack)
docs:build: 
docs:build:   Creating an optimized production build ...
web:build: ΓÜá The "middleware" file convention is deprecated. Please use "proxy" instead. Learn more: https://nextjs.org/docs/messages/middleware-to-proxy
web:build: Γû▓ Next.js 16.1.0 (Turbopack)
web:build: - Environments: .env.local
web:build: 
web:build:   Creating an optimized production build ...
