ΓÇëERR_PNPM_NO_SCRIPTΓÇë Missing script: test

Command "test" not found.
